// Jest Snapshot v1, https://goo.gl/fbAQLP

exports[`snapshot should match 1`] = `[Function]`;
